../../dot_product(get_backtrace+0x13)
../../dot_product(init+0x3c)
../../dot_product(main+0xc7)
/lib/x86_64-linux-gnu/libc.so.6(__libc_start_main+0xf0)
../../dot_product(_start+0x29)
###7915115747001458899
../../dot_product(get_backtrace+0x13)
../../dot_product(init+0x3c)
../../dot_product(main+0xd6)
/lib/x86_64-linux-gnu/libc.so.6(__libc_start_main+0xf0)
../../dot_product(_start+0x29)
###608384261359640939
../../dot_product(get_backtrace+0x13)
../../dot_product(naive_dot_product+0x63)
../../dot_product(dot_well+0x33)
../../dot_product(main+0x128)
/lib/x86_64-linux-gnu/libc.so.6(__libc_start_main+0xf0)
../../dot_product(_start+0x29)
###5870211568411309856
../../dot_product(get_backtrace+0x13)
../../dot_product(naive_dot_product+0xa6)
../../dot_product(dot_well+0x33)
../../dot_product(main+0x128)
/lib/x86_64-linux-gnu/libc.so.6(__libc_start_main+0xf0)
../../dot_product(_start+0x29)
###1208787833295941068
../../dot_product(get_backtrace+0x13)
../../dot_product(naive_dot_product+0xeb)
../../dot_product(dot_well+0x33)
../../dot_product(main+0x128)
/lib/x86_64-linux-gnu/libc.so.6(__libc_start_main+0xf0)
../../dot_product(_start+0x29)
###-5611966040672762668
../../dot_product(get_backtrace+0x13)
../../dot_product(naive_dot_product+0x137)
../../dot_product(dot_well+0x33)
../../dot_product(main+0x128)
/lib/x86_64-linux-gnu/libc.so.6(__libc_start_main+0xf0)
../../dot_product(_start+0x29)
###4189516774085836491
../../dot_product(get_backtrace+0x13)
../../dot_product(dot_product_accurate+0x59)
../../dot_product(dot_well+0x48)
../../dot_product(main+0x128)
/lib/x86_64-linux-gnu/libc.so.6(__libc_start_main+0xf0)
../../dot_product(_start+0x29)
###148709766383695385
../../dot_product(get_backtrace+0x13)
../../dot_product(naive_dot_product+0x63)
../../dot_product(dot_zero+0x33)
../../dot_product(main+0x113)
/lib/x86_64-linux-gnu/libc.so.6(__libc_start_main+0xf0)
../../dot_product(_start+0x29)
###-9083110851397911932
../../dot_product(get_backtrace+0x13)
../../dot_product(naive_dot_product+0xa6)
../../dot_product(dot_zero+0x33)
../../dot_product(main+0x113)
/lib/x86_64-linux-gnu/libc.so.6(__libc_start_main+0xf0)
../../dot_product(_start+0x29)
###1564153133249849792
../../dot_product(get_backtrace+0x13)
../../dot_product(naive_dot_product+0xeb)
../../dot_product(dot_zero+0x33)
../../dot_product(main+0x113)
/lib/x86_64-linux-gnu/libc.so.6(__libc_start_main+0xf0)
../../dot_product(_start+0x29)
###5350178071867298424
../../dot_product(get_backtrace+0x13)
../../dot_product(naive_dot_product+0x137)
../../dot_product(dot_zero+0x33)
../../dot_product(main+0x113)
/lib/x86_64-linux-gnu/libc.so.6(__libc_start_main+0xf0)
../../dot_product(_start+0x29)
###-4282219334696242041
../../dot_product(get_backtrace+0x13)
../../dot_product(dot_product_accurate+0x59)
../../dot_product(dot_zero+0x48)
../../dot_product(main+0x113)
/lib/x86_64-linux-gnu/libc.so.6(__libc_start_main+0xf0)
../../dot_product(_start+0x29)
###4517900908886035565
